// Jest Snapshot v1, https://goo.gl/fbAQLP

exports[`Tests for Pollutants detail component snapshot Pollutants detail component 1`] = `
<DocumentFragment>
  <div
    class="mainContainer"
  >
    <header
      class="header"
    >
      <nav>
        <a
          href="/"
        >
          <svg
            fill="currentColor"
            height="1em"
            stroke="currentColor"
            stroke-width="0"
            viewBox="0 0 16 16"
            width="1em"
            xmlns="http://www.w3.org/2000/svg"
          >
            <path
              d="M11.354 1.646a.5.5 0 0 1 0 .708L5.707 8l5.647 5.646a.5.5 0 0 1-.708.708l-6-6a.5.5 0 0 1 0-.708l6-6a.5.5 0 0 1 .708 0z"
              fill-rule="evenodd"
            />
          </svg>
        </a>
      </nav>
      <div>
        pollutant concentration
      </div>
      <div>
        <svg
          fill="currentColor"
          height="1em"
          stroke="currentColor"
          stroke-width="0"
          viewBox="0 0 24 24"
          width="1em"
          xmlns="http://www.w3.org/2000/svg"
        >
          <path
            d="M0 0h24v24H0z"
            fill="none"
          />
          <path
            d="M12 15c1.66 0 2.99-1.34 2.99-3L15 6c0-1.66-1.34-3-3-3S9 4.34 9 6v6c0 1.66 1.34 3 3 3zm5.3-3c0 3-2.54 5.1-5.3 5.1S6.7 15 6.7 12H5c0 3.42 2.72 6.23 6 6.72V22h2v-3.28c3.28-.48 6-3.3 6-6.72h-1.7z"
          />
        </svg>
        <svg
          fill="currentColor"
          height="1em"
          stroke="currentColor"
          stroke-width="0"
          viewBox="0 0 512 512"
          width="1em"
          xmlns="http://www.w3.org/2000/svg"
        >
          <path
            d="M416.3 256c0-21 13.1-38.9 31.7-46.1-4.9-20.5-13-39.7-23.7-57.1-6.4 2.8-13.2 4.3-20.1 4.3-12.6 0-25.2-4.8-34.9-14.4-14.9-14.9-18.2-36.8-10.2-55-17.3-10.7-36.6-18.8-57-23.7C295 82.5 277 95.7 256 95.7S217 82.5 209.9 64c-20.5 4.9-39.7 13-57.1 23.7 8.1 18.1 4.7 40.1-10.2 55-9.6 9.6-22.3 14.4-34.9 14.4-6.9 0-13.7-1.4-20.1-4.3C77 170.3 68.9 189.5 64 210c18.5 7.1 31.7 25 31.7 46.1 0 21-13.1 38.9-31.6 46.1 4.9 20.5 13 39.7 23.7 57.1 6.4-2.8 13.2-4.2 20-4.2 12.6 0 25.2 4.8 34.9 14.4 14.8 14.8 18.2 36.8 10.2 54.9 17.4 10.7 36.7 18.8 57.1 23.7 7.1-18.5 25-31.6 46-31.6s38.9 13.1 46 31.6c20.5-4.9 39.7-13 57.1-23.7-8-18.1-4.6-40 10.2-54.9 9.6-9.6 22.2-14.4 34.9-14.4 6.8 0 13.7 1.4 20 4.2 10.7-17.4 18.8-36.7 23.7-57.1-18.4-7.2-31.6-25.1-31.6-46.2zm-159.4 79.9c-44.3 0-80-35.9-80-80s35.7-80 80-80 80 35.9 80 80-35.7 80-80 80z"
          />
        </svg>
      </div>
    </header>
    <main
      class="main"
    >
      <div
        class="hero"
      >
        <div>
          <svg
            class="airIcon"
            fill="currentColor"
            height="1em"
            stroke="currentColor"
            stroke-width="0"
            style="color: rgb(249, 144, 73);"
            viewBox="0 0 16 16"
            width="1em"
            xmlns="http://www.w3.org/2000/svg"
          >
            <path
              d="M12.5 2A2.5 2.5 0 0 0 10 4.5a.5.5 0 0 1-1 0A3.5 3.5 0 1 1 12.5 8H.5a.5.5 0 0 1 0-1h12a2.5 2.5 0 0 0 0-5zm-7 1a1 1 0 0 0-1 1 .5.5 0 0 1-1 0 2 2 0 1 1 2 2h-5a.5.5 0 0 1 0-1h5a1 1 0 0 0 0-2zM0 9.5A.5.5 0 0 1 .5 9h10.042a3 3 0 1 1-3 3 .5.5 0 0 1 1 0 2 2 0 1 0 2-2H.5a.5.5 0 0 1-.5-.5z"
            />
          </svg>
        </div>
        <div>
          <p>
            ACCRA
          </p>
          <p>
            aqi: 3 - moderate
          </p>
        </div>
      </div>
      <div
        class="banner"
      >
        POLLUTANT CONCENTRATION(μg/m
        <sup>
          3
        </sup>
        )
      </div>
      <div
        class="forecastContainer"
      >
        <div
          class="day"
        >
          <p
            class="chemName"
          >
            so
            <sub>
              2
            </sub>
          </p>
          <div>
            <p>
              0.64 μg/m
              <sup>
                3
              </sup>
            </p>
          </div>
        </div>
        <div
          class="day"
        >
          <p
            class="chemName"
          >
            no
            <sub>
              2
            </sub>
          </p>
          <div>
            <p>
              0.77 μg/m
              <sup>
                3
              </sup>
            </p>
          </div>
        </div>
        <div
          class="day"
        >
          <p
            class="chemName"
          >
            pm
            <sub>
              10
            </sub>
          </p>
          <div>
            <p>
              0.54 μg/m
              <sup>
                3
              </sup>
            </p>
          </div>
        </div>
        <div
          class="day"
        >
          <p
            class="chemName"
          >
            pm
            <sub>
              2_5
            </sub>
          </p>
          <div>
            <p>
              0.50 μg/m
              <sup>
                3
              </sup>
            </p>
          </div>
        </div>
        <div
          class="day"
        >
          <p
            class="chemName"
          >
            o
            <sub>
              3
            </sub>
          </p>
          <div>
            <p>
              68.66 μg/m
              <sup>
                3
              </sup>
            </p>
          </div>
        </div>
        <div
          class="day"
        >
          <p
            class="chemName"
          >
            co
            <sub />
          </p>
          <div>
            <p>
              201.94 μg/m
              <sup>
                3
              </sup>
            </p>
          </div>
        </div>
      </div>
    </main>
  </div>
</DocumentFragment>
`;
